
> misub@2.4.0 test:run
> vitest run


[1m[46m RUN [49m[22m [36mv4.0.16 [39m[90mE:/Cloudflare/MiSub[39m

 [31m鉂?[39m tests/unit/subconverter-client.test.js [2m([22m[2m3 tests[22m[2m | [22m[31m1 failed[39m[2m)[22m[32m 9[2mms[22m[39m
     [32m鉁?[39m keeps unicode and emoji in node names[32m 1[2mms[22m[39m
     [32m鉁?[39m removes unsafe control chars only[32m 0[2mms[22m[39m
[31m     [31m脳[31m removes encoding and length headers that can break clients[39m[32m 6[2mms[22m[39m
 [32m鉁?[39m tests/unit/node-cache-service.test.js [2m([22m[2m4 tests[22m[2m)[22m[32m 5[2mms[22m[39m
 [32m鉁?[39m tests/unit/node-cleaner.test.js [2m([22m[2m8 tests[22m[2m)[22m[32m 6[2mms[22m[39m
[90mstdout[2m | tests/unit/builtin-surge-generator.test.js[2m > [22m[2mSurge 鍐呯疆鐢熸垚鍣?[2m > [22m[2mVLESS锛堜笉鏀寔锛?[2m > [22m[2m搴旇烦杩?VLESS 鑺傜偣
[22m[39m[BuiltinSurge] 璺宠繃涓嶆敮鎸佺殑 VLESS 鑺傜偣: VLESSNode

[90mstdout[2m | tests/unit/builtin-surge-generator.test.js[2m > [22m[2mSurge 鍐呯疆鐢熸垚鍣?[2m > [22m[2m娣峰悎鍗忚[2m > [22m[2m搴斿湪浠ｇ悊鍒嗙粍涓寘鍚墍鏈夋湁鏁堣妭鐐?[22m[39m[BuiltinSurge] 璺宠繃涓嶆敮鎸佺殑 VLESS 鑺傜偣: VLESSSkipped

 [32m鉁?[39m tests/unit/builtin-surge-generator.test.js [2m([22m[2m29 tests[22m[2m)[22m[32m 14[2mms[22m[39m
 [32m鉁?[39m tests/unit/node-utils.test.js [2m([22m[2m1 test[22m[2m)[22m[32m 4[2mms[22m[39m
 [32m鉁?[39m tests/unit/user-agent-utils.test.js [2m([22m[2m7 tests[22m[2m)[22m[32m 5[2mms[22m[39m
 [32m鉁?[39m tests/unit/subscription-service-manual-nodes.test.js [2m([22m[2m1 test[22m[2m)[22m[32m 3[2mms[22m[39m
node.exe : [90mstderr[2m | tests/unit/pro
tocolConverter.test.js[2m > [22m[2mproto
colConverter[2m > [22m[2mconvertClashPro
xyToUrl[2m > [22m[2m杈圭晫鎯呭喌[2m > [22m[
2m涓嶆敮鎸佺殑绫诲瀷搴旇繑鍥瀗ull
所在位置 C:\Program Files\nodejs\npm.ps1:29 字符:
 3
+   & $NODE_EXE $NPM_CLI_JS $args
+   ~~~~~~~~~~~~~~~~~~~~~~~~~~~~~
    + CategoryInfo          : NotSpecified 
   : ([90mstderr[2m...敮鎸佺殑绫诲瀷搴旇繑鍥瀗ull:S  
  tring) [], RemoteException
    + FullyQualifiedErrorId : NativeComman 
   dError
 
[22m[39m涓嶆敮鎸佺殑浠ｇ悊绫诲瀷: unknown-protocol

 [32m鉁?[39m tests/unit/protocolConverter.test.js [2m([22m[2m13 tests[22m[2m)[22m[32m 8[2mms[22m[39m
 [32m鉁?[39m tests/unit/snell.test.js [2m([22m[2m16 tests[22m[2m)[22m[32m 8[2mms[22m[39m

[31m鈳幆鈳幆鈳幆鈳?[39m[1m[41m Failed Tests 
1 [49m[22m[31m鈳幆鈳幆鈳幆鈳?[39m

[41m[1m FAIL [22m[49m tests/unit/subcon
verter-client.test.js[2m > [22msubconvert
er-client response headers[2m > [22mremov
es encoding and length headers that can bre
ak clients
[31m[1mTypeError[22m: targetFormat.inclu
des is not a function[39m
[36m [2m鉂?[22m buildClientResponseHeaders
 functions/modules/subscription/subconverte
r-client.js:[2m45:22[22m[39m
    [90m 43| [39m    
    [90m 44| [39m    [90m// 鏍规嵁鐩爣鏍煎紡璁剧疆
 Content-Type[39m
    [90m 45| [39m    [35mif[39m (target
Format[33m.[39m[34mincludes[39m([32m'c
lash'[39m)) {
    [90m   | [39m                     [3
1m^[39m
    [90m 46| [39m        responseHeaders.
set('Content-Type', 'text/yaml; charset=utf
-8'鈥?    [90m 47| [39m    } [35melse[39
m {
[90m [2m鉂?[22m tests/unit/subconverter-cl
ient.test.js:[2m34:51[22m[39m

[31m[2m鈳幆鈳幆鈳幆鈳幆鈳幆鈳幆鈳幆鈳幆鈳幆鈳幆鈳幆鈳
幆[1/1]鈳?[22m[39m


[2m Test Files [22m [1m[31m1 failed[39m[22m[2m | [22m[1m[32m8 passed[39m[22m[90m (9)[39m
[2m      Tests [22m [1m[31m1 failed[39m[22m[2m | [22m[1m[32m81 passed[39m[22m[90m (82)[39m
[2m   Start at [22m 15:52:28
[2m   Duration [22m 1.68s[2m (transform 542ms, setup 0ms, import 918ms, tests 61ms, environment 10.31s)[22m

